[2026-09-29 17:48:04] Starting Module C
[2026-09-29 17:48:04] Script: scripts/module_C.py
[2026-09-29 17:48:04] Expected output: data/module_C/module_C_all_results.csv
[2026-09-29 17:48:04] Executing pipeline script...
[2026-09-29 17:48:10] ======================================================================
[2026-09-29 17:48:10] MODULE C - MULTI-EVIDENCE RISK ENGINE
[2026-09-29 17:48:10] ======================================================================
[2026-09-29 17:48:10] INPUTS
[2026-09-29 17:48:10] ----------------------------------------------------------------------
[2026-09-29 17:48:10] Module A rows : 10,000
[2026-09-29 17:48:10] Module B rows : 10,000
[2026-09-29 17:48:10] Merged components : 10,000
[2026-09-29 17:48:10] ======================================================================
[2026-09-29 17:48:10] MODULE C DATASET COUNTS
[2026-09-29 17:48:10] ======================================================================
[2026-09-29 17:48:10] All components : 10,000
[2026-09-29 17:48:10] Batch 5        : 2,000
[2026-09-29 17:48:10] BY LOT
[2026-09-29 17:48:10] ----------------------------------------------------------------------
[2026-09-29 17:48:10] lot_id
[2026-09-29 17:48:10] L1    2000
[2026-09-29 17:48:10] L2    2000
[2026-09-29 17:48:10] L3    2000
[2026-09-29 17:48:10] L4    2000
[2026-09-29 17:48:10] L5    2000
[2026-09-29 17:48:10] ======================================================================
[2026-09-29 17:48:10] FINAL DECISION - ALL 10,000
[2026-09-29 17:48:10] ======================================================================
[2026-09-29 17:48:10] final_decision
[2026-09-29 17:48:10] PASS      8226
[2026-09-29 17:48:10] REVIEW    1512
[2026-09-29 17:48:10] REJECT     262
[2026-09-29 17:48:10] Name: count, dtype: int64
[2026-09-29 17:48:10] ======================================================================
[2026-09-29 17:48:10] FUTURE RISK - ALL 10,000
[2026-09-29 17:48:10] ======================================================================
[2026-09-29 17:48:10] future_risk
[2026-09-29 17:48:10] LOW         8226
[2026-09-29 17:48:10] MEDIUM       916
[2026-09-29 17:48:10] HIGH         596
[2026-09-29 17:48:10] CRITICAL     262
[2026-09-29 17:48:10] Name: count, dtype: int64
[2026-09-29 17:48:10] ======================================================================
[2026-09-29 17:48:10] EVIDENCE LEVEL - ALL 10,000
[2026-09-29 17:48:10] ======================================================================
[2026-09-29 17:48:10] evidence_level
[2026-09-29 17:48:10] LOW       8670
[2026-09-29 17:48:10] HIGH       613
[2026-09-29 17:48:10] MEDIUM     452
[2026-09-29 17:48:10] STRONG     265
[2026-09-29 17:48:10] Name: count, dtype: int64
[2026-09-29 17:48:10] ======================================================================
[2026-09-29 17:48:10] MODULE A STATUS - ALL 10,000
[2026-09-29 17:48:10] ======================================================================
[2026-09-29 17:48:10] module_a_status
[2026-09-29 17:48:10] NORMAL       9486
[2026-09-29 17:48:10] WATCH         408
[2026-09-29 17:48:10] ANOMALOUS     106
[2026-09-29 17:48:10] Name: count, dtype: int64
[2026-09-29 17:48:10] ======================================================================
[2026-09-29 17:48:10] MODULE B FAILURE RISK - ALL 10,000
[2026-09-29 17:48:10] ======================================================================
[2026-09-29 17:48:10] failure_risk
[2026-09-29 17:48:10] VERY_LOW    6148
[2026-09-29 17:48:10] LOW         2204
[2026-09-29 17:48:10] HIGH         858
[2026-09-29 17:48:10] MEDIUM       790
[2026-09-29 17:48:10] Name: count, dtype: int64
[2026-09-29 17:48:10] ======================================================================
[2026-09-29 17:48:10] FILES
[2026-09-29 17:48:10] ======================================================================
[2026-09-29 17:48:10] C:\Users\peris\Desktop\SIH2k26\data\module_C\module_C_all_results.csv
[2026-09-29 17:48:10] C:\Users\peris\Desktop\SIH2k26\data\module_C\module_C_batch5_results.csv
[2026-09-29 17:48:10] ======================================================================
[2026-09-29 17:48:10] MODULE C COMPLETE
[2026-09-29 17:48:10] ======================================================================
[2026-09-29 17:48:10] Output rows: 10000
[2026-09-29 17:48:10] Module C completed successfully.
