[2026-09-29 17:47:29] Starting Module C
[2026-09-29 17:47:29] Script: scripts/module_C.py
[2026-09-29 17:47:29] Expected output: data/module_C/module_C_all_results.csv
[2026-09-29 17:47:29] Executing pipeline script...
[2026-09-29 17:47:33] ======================================================================
[2026-09-29 17:47:33] MODULE C - MULTI-EVIDENCE RISK ENGINE
[2026-09-29 17:47:33] ======================================================================
[2026-09-29 17:47:33] INPUTS
[2026-09-29 17:47:33] ----------------------------------------------------------------------
[2026-09-29 17:47:33] Module A rows : 10,000
[2026-09-29 17:47:33] Module B rows : 10,000
[2026-09-29 17:47:33] Merged components : 10,000
[2026-09-29 17:47:33] ======================================================================
[2026-09-29 17:47:33] MODULE C DATASET COUNTS
[2026-09-29 17:47:33] ======================================================================
[2026-09-29 17:47:33] All components : 10,000
[2026-09-29 17:47:33] Batch 5        : 2,000
[2026-09-29 17:47:33] BY LOT
[2026-09-29 17:47:33] ----------------------------------------------------------------------
[2026-09-29 17:47:33] lot_id
[2026-09-29 17:47:33] L1    2000
[2026-09-29 17:47:33] L2    2000
[2026-09-29 17:47:33] L3    2000
[2026-09-29 17:47:33] L4    2000
[2026-09-29 17:47:33] L5    2000
[2026-09-29 17:47:33] ======================================================================
[2026-09-29 17:47:33] FINAL DECISION - ALL 10,000
[2026-09-29 17:47:33] ======================================================================
[2026-09-29 17:47:33] final_decision
[2026-09-29 17:47:33] PASS      8226
[2026-09-29 17:47:33] REVIEW    1512
[2026-09-29 17:47:33] REJECT     262
[2026-09-29 17:47:33] Name: count, dtype: int64
[2026-09-29 17:47:33] ======================================================================
[2026-09-29 17:47:33] FUTURE RISK - ALL 10,000
[2026-09-29 17:47:33] ======================================================================
[2026-09-29 17:47:33] future_risk
[2026-09-29 17:47:33] LOW         8226
[2026-09-29 17:47:33] MEDIUM       916
[2026-09-29 17:47:33] HIGH         596
[2026-09-29 17:47:33] CRITICAL     262
[2026-09-29 17:47:33] Name: count, dtype: int64
[2026-09-29 17:47:33] ======================================================================
[2026-09-29 17:47:33] EVIDENCE LEVEL - ALL 10,000
[2026-09-29 17:47:33] ======================================================================
[2026-09-29 17:47:33] evidence_level
[2026-09-29 17:47:33] LOW       8670
[2026-09-29 17:47:33] HIGH       613
[2026-09-29 17:47:33] MEDIUM     452
[2026-09-29 17:47:33] STRONG     265
[2026-09-29 17:47:33] Name: count, dtype: int64
[2026-09-29 17:47:33] ======================================================================
[2026-09-29 17:47:33] MODULE A STATUS - ALL 10,000
[2026-09-29 17:47:33] ======================================================================
[2026-09-29 17:47:33] module_a_status
[2026-09-29 17:47:33] NORMAL       9486
[2026-09-29 17:47:33] WATCH         408
[2026-09-29 17:47:33] ANOMALOUS     106
[2026-09-29 17:47:33] Name: count, dtype: int64
[2026-09-29 17:47:33] ======================================================================
[2026-09-29 17:47:33] MODULE B FAILURE RISK - ALL 10,000
[2026-09-29 17:47:33] ======================================================================
[2026-09-29 17:47:33] failure_risk
[2026-09-29 17:47:33] VERY_LOW    6148
[2026-09-29 17:47:33] LOW         2204
[2026-09-29 17:47:33] HIGH         858
[2026-09-29 17:47:33] MEDIUM       790
[2026-09-29 17:47:33] Name: count, dtype: int64
[2026-09-29 17:47:33] ======================================================================
[2026-09-29 17:47:33] FILES
[2026-09-29 17:47:33] ======================================================================
[2026-09-29 17:47:33] C:\Users\peris\Desktop\SIH2k26\data\module_C\module_C_all_results.csv
[2026-09-29 17:47:33] C:\Users\peris\Desktop\SIH2k26\data\module_C\module_C_batch5_results.csv
[2026-09-29 17:47:33] ======================================================================
[2026-09-29 17:47:33] MODULE C COMPLETE
[2026-09-29 17:47:33] ======================================================================
[2026-09-29 17:47:33] Output rows: 10000
[2026-09-29 17:47:33] Module C completed successfully.
